// Jest Snapshot v1, https://goo.gl/fbAQLP

exports[`TodoList snapshot test 1`] = `
<div>
  <div>
    <form>
      <input
        placeholder="Enter a task"
        type="text"
        value=""
      />
      <button>
        Add Todo
      </button>
    </form>
    <ul />
  </div>
</div>
`;
